// Jest Snapshot v1, https://goo.gl/fbAQLP

exports[`ChangeAccountType Component should match snapshot 1`] = `
<div
  className="acc_type"
>
  <div
    className="set_header acc_type_header"
  >
    <span
      className="acc_type_h"
    >
      Change account type
    </span>
    <span>
      Select your account type, currently it's
       
      <span
        className="type_indicator"
      >
        public
      </span>
    </span>
  </div>
  <div
    className="acc_type_main"
  >
    <select
      className="acc_select"
      onChange={[Function]}
      value="public"
    >
      <option
        value="public"
      >
        Public
      </option>
      <option
        value="private"
      >
        Private
      </option>
    </select>
    <span
      className="bold"
    >
      Note:
    </span>
    <span>
      When your account is set as
       
      <span
        className="bold"
      >
        private, only your followers can view and interact with your profile.
      </span>
       
      Others would have to follow you first to be able to view your full profile and interact with it. This is the
       
      <span
        className="bold"
      >
        recommended
      </span>
       option, as only people you know would be able to view and interact with your profile.
    </span>
    <span>
      And when your account is set as public, 
       
      <span
        className="bold"
      >
        anybody can view your full profile and be able to interact with it.
      </span>
    </span>
  </div>
</div>
`;
