// Jest Snapshot v1, https://goo.gl/fbAQLP

exports[`Social-Inputs Component should match snapshot 1`] = `
<div
  className="edit_sm_div"
>
  <span
    className="edit_span"
  >
    Connections
  </span>
  <input
    autoComplete="false"
    disabled={false}
    maxLength="255"
    onChange={[Function]}
    placeholder="Instagram"
    spellCheck="false"
    type="text"
    value="https://www.instagram.com/_ikwilliams"
  />
  <input
    autoComplete="false"
    disabled={false}
    maxLength="255"
    onChange={[Function]}
    placeholder="Github"
    spellCheck="false"
    type="text"
    value="https://github.com/ik-williams/"
  />
  <input
    autoComplete="false"
    disabled={false}
    maxLength="255"
    onChange={[Function]}
    placeholder="Twitter"
    spellCheck="false"
    type="text"
    value=""
  />
  <input
    autoComplete="false"
    disabled={false}
    maxLength="255"
    onChange={[Function]}
    placeholder="Facebook"
    spellCheck="false"
    type="text"
    value=""
  />
  <input
    autoComplete="false"
    disabled={false}
    maxLength="255"
    onChange={[Function]}
    placeholder="Website"
    spellCheck="false"
    type="text"
    value=""
  />
  <input
    autoComplete="false"
    disabled={false}
    maxLength="10"
    onChange={[Function]}
    placeholder="Phone"
    spellCheck="false"
    type="text"
    value=""
  />
</div>
`;
